<Section: DEFAULT>
<Section: DEFAULT>
<Section: development>
<Section: development>
